Archive member included to satisfy reference by file (symbol)

/opt/st/stm32cubeide_1.19.0/plugins/com.st.stm32cube.ide.mcu.externaltools.gnu-tools-for-stm32.13.3.rel1.linux64_1.0.0.202410170706/tools/bin/../lib/gcc/arm-none-eabi/13.3.1/../../../../arm-none-eabi/lib/thumb/v7e-m+fp/hard/libc_nano.a(libc_a-exit.o)
                              /opt/st/stm32cubeide_1.19.0/plugins/com.st.stm32cube.ide.mcu.externaltools.gnu-tools-for-stm32.13.3.rel1.linux64_1.0.0.202410170706/tools/bin/../lib/gcc/arm-none-eabi/13.3.1/../../../../arm-none-eabi/lib/thumb/v7e-m+fp/hard/crt0.o (exit)
/opt/st/stm32cubeide_1.19.0/plugins/com.st.stm32cube.ide.mcu.externaltools.gnu-tools-for-stm32.13.3.rel1.linux64_1.0.0.202410170706/tools/bin/../lib/gcc/arm-none-eabi/13.3.1/../../../../arm-none-eabi/lib/thumb/v7e-m+fp/hard/libc_nano.a(libc_a-findfp.o)
                              /opt/st/stm32cubeide_1.19.0/plugins/com.st.stm32cube.ide.mcu.externaltools.gnu-tools-for-stm32.13.3.rel1.linux64_1.0.0.202410170706/tools/bin/../lib/gcc/arm-none-eabi/13.3.1/../../../../arm-none-eabi/lib/thumb/v7e-m+fp/hard/libc_nano.a(libc_a-exit.o) (__stdio_exit_handler)
/opt/st/stm32cubeide_1.19.0/plugins/com.st.stm32cube.ide.mcu.externaltools.gnu-tools-for-stm32.13.3.rel1.linux64_1.0.0.202410170706/tools/bin/../lib/gcc/arm-none-eabi/13.3.1/../../../../arm-none-eabi/lib/thumb/v7e-m+fp/hard/libc_nano.a(libc_a-fwalk.o)
                              /opt/st/stm32cubeide_1.19.0/plugins/com.st.stm32cube.ide.mcu.externaltools.gnu-tools-for-stm32.13.3.rel1.linux64_1.0.0.202410170706/tools/bin/../lib/gcc/arm-none-eabi/13.3.1/../../../../arm-none-eabi/lib/thumb/v7e-m+fp/hard/libc_nano.a(libc_a-findfp.o) (_fwalk_sglue)
/opt/st/stm32cubeide_1.19.0/plugins/com.st.stm32cube.ide.mcu.externaltools.gnu-tools-for-stm32.13.3.rel1.linux64_1.0.0.202410170706/tools/bin/../lib/gcc/arm-none-eabi/13.3.1/../../../../arm-none-eabi/lib/thumb/v7e-m+fp/hard/libc_nano.a(libc_a-stdio.o)
                              /opt/st/stm32cubeide_1.19.0/plugins/com.st.stm32cube.ide.mcu.externaltools.gnu-tools-for-stm32.13.3.rel1.linux64_1.0.0.202410170706/tools/bin/../lib/gcc/arm-none-eabi/13.3.1/../../../../arm-none-eabi/lib/thumb/v7e-m+fp/hard/libc_nano.a(libc_a-findfp.o) (__sread)
/opt/st/stm32cubeide_1.19.0/plugins/com.st.stm32cube.ide.mcu.externaltools.gnu-tools-for-stm32.13.3.rel1.linux64_1.0.0.202410170706/tools/bin/../lib/gcc/arm-none-eabi/13.3.1/../../../../arm-none-eabi/lib/thumb/v7e-m+fp/hard/libc_nano.a(libc_a-memset.o)
                              /opt/st/stm32cubeide_1.19.0/plugins/com.st.stm32cube.ide.mcu.externaltools.gnu-tools-for-stm32.13.3.rel1.linux64_1.0.0.202410170706/tools/bin/../lib/gcc/arm-none-eabi/13.3.1/../../../../arm-none-eabi/lib/thumb/v7e-m+fp/hard/crt0.o (memset)
/opt/st/stm32cubeide_1.19.0/plugins/com.st.stm32cube.ide.mcu.externaltools.gnu-tools-for-stm32.13.3.rel1.linux64_1.0.0.202410170706/tools/bin/../lib/gcc/arm-none-eabi/13.3.1/../../../../arm-none-eabi/lib/thumb/v7e-m+fp/hard/libc_nano.a(libc_a-closer.o)
                              /opt/st/stm32cubeide_1.19.0/plugins/com.st.stm32cube.ide.mcu.externaltools.gnu-tools-for-stm32.13.3.rel1.linux64_1.0.0.202410170706/tools/bin/../lib/gcc/arm-none-eabi/13.3.1/../../../../arm-none-eabi/lib/thumb/v7e-m+fp/hard/libc_nano.a(libc_a-stdio.o) (_close_r)
/opt/st/stm32cubeide_1.19.0/plugins/com.st.stm32cube.ide.mcu.externaltools.gnu-tools-for-stm32.13.3.rel1.linux64_1.0.0.202410170706/tools/bin/../lib/gcc/arm-none-eabi/13.3.1/../../../../arm-none-eabi/lib/thumb/v7e-m+fp/hard/libc_nano.a(libc_a-reent.o)
                              /opt/st/stm32cubeide_1.19.0/plugins/com.st.stm32cube.ide.mcu.externaltools.gnu-tools-for-stm32.13.3.rel1.linux64_1.0.0.202410170706/tools/bin/../lib/gcc/arm-none-eabi/13.3.1/../../../../arm-none-eabi/lib/thumb/v7e-m+fp/hard/libc_nano.a(libc_a-closer.o) (errno)
/opt/st/stm32cubeide_1.19.0/plugins/com.st.stm32cube.ide.mcu.externaltools.gnu-tools-for-stm32.13.3.rel1.linux64_1.0.0.202410170706/tools/bin/../lib/gcc/arm-none-eabi/13.3.1/../../../../arm-none-eabi/lib/thumb/v7e-m+fp/hard/libc_nano.a(libc_a-impure.o)
                              /opt/st/stm32cubeide_1.19.0/plugins/com.st.stm32cube.ide.mcu.externaltools.gnu-tools-for-stm32.13.3.rel1.linux64_1.0.0.202410170706/tools/bin/../lib/gcc/arm-none-eabi/13.3.1/../../../../arm-none-eabi/lib/thumb/v7e-m+fp/hard/libc_nano.a(libc_a-reent.o) (_impure_ptr)
/opt/st/stm32cubeide_1.19.0/plugins/com.st.stm32cube.ide.mcu.externaltools.gnu-tools-for-stm32.13.3.rel1.linux64_1.0.0.202410170706/tools/bin/../lib/gcc/arm-none-eabi/13.3.1/../../../../arm-none-eabi/lib/thumb/v7e-m+fp/hard/libc_nano.a(libc_a-lseekr.o)
                              /opt/st/stm32cubeide_1.19.0/plugins/com.st.stm32cube.ide.mcu.externaltools.gnu-tools-for-stm32.13.3.rel1.linux64_1.0.0.202410170706/tools/bin/../lib/gcc/arm-none-eabi/13.3.1/../../../../arm-none-eabi/lib/thumb/v7e-m+fp/hard/libc_nano.a(libc_a-stdio.o) (_lseek_r)
[...]
Memory Configuration

Name             Origin             Length             Attributes
CCMRAM           0x10000000         0x00010000         xrw
RAM              0x20000000         0x00020000         xrw
FLASH            0x08000000         0x00100000         xr
*default*        0x00000000         0xffffffff

Linker script and memory map

LOAD /opt/st/stm32cubeide_1.19.0/plugins/com.st.stm32cube.ide.mcu.externaltools.gnu-tools-for-stm32.13.3.rel1.linux64_1.0.0.202410170706/tools/bin/../lib/gcc/arm-none-eabi/13.3.1/thumb/v7e-m+fp/hard/crti.o
LOAD /opt/st/stm32cubeide_1.19.0/plugins/com.st.stm32cube.ide.mcu.externaltools.gnu-tools-for-stm32.13.3.rel1.linux64_1.0.0.202410170706/tools/bin/../lib/gcc/arm-none-eabi/13.3.1/thumb/v7e-m+fp/hard/crtbegin.o
LOAD /opt/st/stm32cubeide_1.19.0/plugins/com.st.stm32cube.ide.mcu.externaltools.gnu-tools-for-stm32.13.3.rel1.linux64_1.0.0.202410170706/tools/bin/../lib/gcc/arm-none-eabi/13.3.1/../../../../arm-none-eabi/lib/thumb/v7e-m+fp/hard/crt0.o
LOAD ./Core/Src/command_handler.o
LOAD ./Core/Src/main.o
LOAD ./Core/Src/motor_controller.o
LOAD ./Core/Src/position_sensing.o
LOAD ./Core/Src/status_indicator.o
LOAD ./Core/Src/stm32f4xx_hal_msp.o
LOAD ./Core/Src/stm32f4xx_it.o
LOAD ./Core/Src/syscalls.o
LOAD ./Core/Src/sysmem.o
LOAD ./Core/Src/system_stm32f4xx.o
LOAD ./Core/Startup/startup_stm32f407vgtx.o
LOAD ./Drivers/STM32F4xx_HAL_Driver/Src/stm32f4xx_hal.o
LOAD ./Drivers/STM32F4xx_HAL_Driver/Src/stm32f4xx_hal_adc.o
LOAD ./Drivers/STM32F4xx_HAL_Driver/Src/stm32f4xx_hal_adc_ex.o
LOAD ./Drivers/STM32F4xx_HAL_Driver/Src/stm32f4xx_hal_cortex.o
LOAD ./Drivers/STM32F4xx_HAL_Driver/Src/stm32f4xx_hal_dma.o
LOAD ./Drivers/STM32F4xx_HAL_Driver/Src/stm32f4xx_hal_dma_ex.o
LOAD ./Drivers/STM32F4xx_HAL_Driver/Src/stm32f4xx_hal_exti.o
LOAD ./Drivers/STM32F4xx_HAL_Driver/Src/stm32f4xx_hal_flash.o
LOAD ./Drivers/STM32F4xx_HAL_Driver/Src/stm32f4xx_hal_flash_ex.o
LOAD ./Drivers/STM32F4xx_HAL_Driver/Src/stm32f4xx_hal_flash_ramfunc.o
LOAD ./Drivers/STM32F4xx_HAL_Driver/Src/stm32f4xx_hal_gpio.o
LOAD ./Drivers/STM32F4xx_HAL_Driver/Src/stm32f4xx_hal_i2c.o
LOAD ./Drivers/STM32F4xx_HAL_Driver/Src/stm32f4xx_hal_i2c_ex.o
LOAD ./Drivers/STM32F4xx_HAL_Driver/Src/stm32f4xx_hal_i2s.o
LOAD ./Drivers/STM32F4xx_HAL_Driver/Src/stm32f4xx_hal_i2s_ex.o
LOAD ./Drivers/STM32F4xx_HAL_Driver/Src/stm32f4xx_hal_pwr.o
LOAD ./Drivers/STM32F4xx_HAL_Driver/Src/stm32f4xx_hal_pwr_ex.o
LOAD ./Drivers/STM32F4xx_HAL_Driver/Src/stm32f4xx_hal_rcc.o
LOAD ./Drivers/STM32F4xx_HAL_Driver/Src/stm32f4xx_hal_rcc_ex.o
LOAD ./Drivers/STM32F4xx_HAL_Driver/Src/stm32f4xx_hal_spi.o
LOAD ./Drivers/STM32F4xx_HAL_Driver/Src/stm32f4xx_hal_tim.o
LOAD ./Drivers/STM32F4xx_HAL_Driver/Src/stm32f4xx_hal_tim_ex.o
LOAD ./Drivers/STM32F4xx_HAL_Driver/Src/stm32f4xx_hal_uart.o
LOAD ./Drivers/STM32F4xx_HAL_Driver/Src/stm32f4xx_ll_adc.o
START GROUP
LOAD /opt/st/stm32cubeide_1.19.0/plugins/com.st.stm32cube.ide.mcu.externaltools.gnu-tools-for-stm32.13.3.rel1.linux64_1.0.0.202410170706/tools/bin/../lib/gcc/arm-none-eabi/13.3.1/../../../../arm-none-eabi/lib/thumb/v7e-m+fp/hard/libc_nano.a
LOAD /opt/st/stm32cubeide_1.19.0/plugins/com.st.stm32cube.ide.mcu.externaltools.gnu-tools-for-stm32.13.3.rel1.linux64_1.0.0.202410170706/tools/bin/../lib/gcc/arm-none-eabi/13.3.1/../../../../arm-none-eabi/lib/thumb/v7e-m+fp/hard/libm.a
END GROUP
START GROUP
LOAD /opt/st/stm32cubeide_1.19.0/plugins/com.st.stm32cube.ide.mcu.externaltools.gnu-tools-for-stm32.13.3.rel1.linux64_1.0.0.202410170706/tools/bin/../lib/gcc/arm-none-eabi/13.3.1/thumb/v7e-m+fp/hard/libgcc.a
LOAD /opt/st/stm32cubeide_1.19.0/plugins/com.st.stm32cube.ide.mcu.externaltools.gnu-tools-for-stm32.13.3.rel1.linux64_1.0.0.202410170706/tools/bin/../lib/gcc/arm-none-eabi/13.3.1/../../../../arm-none-eabi/lib/thumb/v7e-m+fp/hard/libc_nano.a
END GROUP
START GROUP
LOAD /opt/st/stm32cubeide_1.19.0/plugins/com.st.stm32cube.ide.mcu.externaltools.gnu-tools-for-stm32.13.3.rel1.linux64_1.0.0.202410170706/tools/bin/../lib/gcc/arm-none-eabi/13.3.1/thumb/v7e-m+fp/hard/libgcc.a
LOAD /opt/st/stm32cubeide_1.19.0/plugins/com.st.stm32cube.ide.mcu.externaltools.gnu-tools-for-stm32.13.3.rel1.linux64_1.0.0.202410170706/tools/bin/../lib/gcc/arm-none-eabi/13.3.1/../../../../arm-none-eabi/lib/thumb/v7e-m+fp/hard/libc_nano.a
LOAD /opt/st/stm32cubeide_1.19.0/plugins/com.st.stm32cube.ide.mcu.externaltools.gnu-tools-for-stm32.13.3.rel1.linux64_1.0.0.202410170706/tools/bin/../lib/gcc/arm-none-eabi/13.3.1/../../../../arm-none-eabi/lib/thumb/v7e-m+fp/hard/libnosys.a
END GROUP
START GROUP
LOAD /opt/st/stm32cubeide_1.19.0/plugins/com.st.stm32cube.ide.mcu.externaltools.gnu-tools-for-stm32.13.3.rel1.linux64_1.0.0.202410170706/tools/bin/../lib/gcc/arm-none-eabi/13.3.1/thumb/v7e-m+fp/hard/libgcc.a
LOAD /opt/st/stm32cubeide_1.19.0/plugins/com.st.stm32cube.ide.mcu.externaltools.gnu-tools-for-stm32.13.3.rel1.linux64_1.0.0.202410170706/tools/bin/../lib/gcc/arm-none-eabi/13.3.1/../../../../arm-none-eabi/lib/thumb/v7e-m+fp/hard/libc_nano.a
LOAD /opt/st/stm32cubeide_1.19.0/plugins/com.st.stm32cube.ide.mcu.externaltools.gnu-tools-for-stm32.13.3.rel1.linux64_1.0.0.202410170706/tools/bin/../lib/gcc/arm-none-eabi/13.3.1/../../../../arm-none-eabi/lib/thumb/v7e-m+fp/hard/libnosys.a
END GROUP
LOAD /opt/st/stm32cubeide_1.19.0/plugins/com.st.stm32cube.ide.mcu.externaltools.gnu-tools-for-stm32.13.3.rel1.linux64_1.0.0.202410170706/tools/bin/../lib/gcc/arm-none-eabi/13.3.1/thumb/v7e-m+fp/hard/crtend.o
LOAD /opt/st/stm32cubeide_1.19.0/plugins/com.st.stm32cube.ide.mcu.externaltools.gnu-tools-for-stm32.13.3.rel1.linux64_1.0.0.202410170706/tools/bin/../lib/gcc/arm-none-eabi/13.3.1/thumb/v7e-m+fp/hard/crtn.o
                0x20020000                        _estack = (ORIGIN (RAM) + LENGTH (RAM))
                0x00000200                        _Min_Heap_Size = 0x200
                0x00000400                        _Min_Stack_Size = 0x400

.isr_vector     0x08000000      0x188
                0x08000000                        . = ALIGN (0x4)
 *(.isr_vector)
 .isr_vector    0x08000000      0x188 ./Core/Startup/startup_stm32f407vgtx.o
                0x08000000                g_pfnVectors
                0x08000188                        . = ALIGN (0x4)

.text           0x08000188     0x3d1c
                0x08000188                        . = ALIGN (0x4)
 *(.text)
 .text          0x08000188       0x40 /opt/st/stm32cubeide_1.19.0/plugins/com.st.stm32cube.ide.mcu.externaltools.gnu-tools-for-stm32.13.3.rel1.linux64_1.0.0.202410170706/tools/bin/../lib/gcc/arm-none-eabi/13.3.1/thumb/v7e-m+fp/hard/crtbegin.o
 .text          0x080001c8       0x30 /opt/st/stm32cubeide_1.19.0/plugins/com.st.stm32cube.ide.mcu.externaltools.gnu-tools-for-stm32.13.3.rel1.linux64_1.0.0.202410170706/tools/bin/../lib/gcc/arm-none-eabi/13.3.1/thumb/v7e-m+fp/hard/libgcc.a(_aeabi_uldivmod.o)
                0x080001c8                __aeabi_uldivmod
 .text          0x080001f8      0x2f8 /opt/st/stm32cubeide_1.19.0/plugins/com.st.stm32cube.ide.mcu.externaltools.gnu-tools-for-stm32.13.3.rel1.linux64_1.0.0.202410170706/tools/bin/../lib/gcc/arm-none-eabi/13.3.1/thumb/v7e-m+fp/hard/libgcc.a(_udivmoddi4.o)
                0x080001f8                __udivmoddi4
 .text          0x080004f0        0x4 /opt/st/stm32cubeide_1.19.0/plugins/com.st.stm32cube.ide.mcu.externaltools.gnu-tools-for-stm32.13.3.rel1.linux64_1.0.0.202410170706/tools/bin/../lib/gcc/arm-none-eabi/13.3.1/thumb/v7e-m+fp/hard/libgcc.a(_dvmd_tls.o)
                0x080004f0                __aeabi_ldiv0
                0x080004f0                __aeabi_idiv0
 *(.text*)
 .text.CommandHandler_PollCommand
                0x080004f4       0x44 ./Core/Src/command_handler.o
                0x080004f4                CommandHandler_PollCommand
 .text.main     0x08000538       0xa0 ./Core/Src/main.o
                0x08000538                main
 .text.SystemClock_Config
                0x080005d8       0xd4 ./Core/Src/main.o
                0x080005d8                SystemClock_Config
 .text.MX_GPIO_Init
                0x080006ac      0x22c ./Core/Src/main.o
 .text.MX_ADC1_Init
                0x080008d8       0xa4 ./Core/Src/main.o
 .text.MX_USART2_UART_Init
                0x0800097c       0x54 ./Core/Src/main.o
 .text.MX_TIM3_Init
                0x080009d0       0xb4 ./Core/Src/main.o
 .text.Error_Handler
                0x08000a84        0xc ./Core/Src/main.o
                0x08000a84                Error_Handler
 .text.MotorController_Init
                0x08000a90       0x78 ./Core/Src/motor_controller.o
                0x08000a90                MotorController_Init
 .text.MotorController_MoveTo
                0x08000b08       0xa4 ./Core/Src/motor_controller.o
                0x08000b08                MotorController_MoveTo
 .text.MotorController_Update
                0x08000bac       0x50 ./Core/Src/motor_controller.o
                0x08000bac                MotorController_Update
 .text.MotorController_Abort
                0x08000bfc       0x40 ./Core/Src/motor_controller.o
                0x08000bfc                MotorController_Abort
 .text.MotorController_IsMoving
                0x08000c3c       0x18 ./Core/Src/motor_controller.o
                0x08000c3c                MotorController_IsMoving
 .text.MotorController_GetTarget
                0x08000c54       0x40 ./Core/Src/motor_controller.o
                0x08000c54                MotorController_GetTarget
 .text.PositionSensing_Init
                0x08000c94       0x2c ./Core/Src/position_sensing.o
                0x08000c94                PositionSensing_Init
 .text.Position_GetFromADC
                0x08000cc0       0x5a ./Core/Src/position_sensing.o
 *fill*         0x08000d1a        0x2 
 .text.PositionSensing_IsAtTarget
                0x08000d1c       0x50 ./Core/Src/position_sensing.o
                0x08000d1c                PositionSensing_IsAtTarget
 .text.PositionSensing_Update
                0x08000d6c       0x60 ./Core/Src/position_sensing.o
                0x08000d6c                PositionSensing_Update
 .text.PositionSensing_GetPosition
                0x08000dcc       0x38 ./Core/Src/position_sensing.o
                0x08000dcc                PositionSensing_GetPosition
 .text.StatusIndicator_Init
                0x08000e04       0x6c ./Core/Src/status_indicator.o
                0x08000e04                StatusIndicator_Init
 .text.StatusIndicator_Update
                0x08000e70       0x6c ./Core/Src/status_indicator.o
                0x08000e70                StatusIndicator_Update
 .text.HAL_MspInit
                0x08000edc       0x50 ./Core/Src/stm32f4xx_hal_msp.o
                0x08000edc                HAL_MspInit
 .text.HAL_ADC_MspInit
                0x08000f2c       0x88 ./Core/Src/stm32f4xx_hal_msp.o
                0x08000f2c                HAL_ADC_MspInit
 .text.HAL_TIM_PWM_MspInit
                0x08000fb4       0x44 ./Core/Src/stm32f4xx_hal_msp.o
                0x08000fb4                HAL_TIM_PWM_MspInit
 .text.HAL_TIM_MspPostInit
                0x08000ff8       0x74 ./Core/Src/stm32f4xx_hal_msp.o
                0x08000ff8                HAL_TIM_MspPostInit
 .text.HAL_UART_MspInit
                0x0800106c       0x90 ./Core/Src/stm32f4xx_hal_msp.o
                0x0800106c                HAL_UART_MspInit
 .text.NMI_Handler
                0x080010fc        0x8 ./Core/Src/stm32f4xx_it.o
                0x080010fc                NMI_Handler
 .text.HardFault_Handler
                0x08001104        0x8 ./Core/Src/stm32f4xx_it.o
                0x08001104                HardFault_Handler
 .text.MemManage_Handler
                0x0800110c        0x8 ./Core/Src/stm32f4xx_it.o
                0x0800110c                MemManage_Handler
 .text.BusFault_Handler
                0x08001114        0x8 ./Core/Src/stm32f4xx_it.o
                0x08001114                BusFault_Handler
 .text.UsageFault_Handler
                0x0800111c        0x8 ./Core/Src/stm32f4xx_it.o
                0x0800111c                UsageFault_Handler
 .text.SVC_Handler
                0x08001124        0xe ./Core/Src/stm32f4xx_it.o
                0x08001124                SVC_Handler
 .text.DebugMon_Handler
                0x08001132        0xe ./Core/Src/stm32f4xx_it.o
                0x08001132                DebugMon_Handler
 .text.PendSV_Handler
                0x08001140        0xe ./Core/Src/stm32f4xx_it.o
                0x08001140                PendSV_Handler
 .text.SysTick_Handler
                0x0800114e        0xc ./Core/Src/stm32f4xx_it.o
                0x0800114e                SysTick_Handler
 *fill*         0x0800115a        0x2 
 .text.TIM2_IRQHandler
                0x0800115c       0x14 ./Core/Src/stm32f4xx_it.o
                0x0800115c                TIM2_IRQHandler
 .text.SystemInit
                0x08001170       0x24 ./Core/Src/system_stm32f4xx.o
                0x08001170                SystemInit
 .text.Reset_Handler
                0x08001194       0x50 ./Core/Startup/startup_stm32f407vgtx.o
                0x08001194                Reset_Handler
 .text.Default_Handler
                0x080011e4        0x2 ./Core/Startup/startup_stm32f407vgtx.o
                0x080011e4                RTC_Alarm_IRQHandler
                0x080011e4                HASH_RNG_IRQHandler
                0x080011e4                EXTI2_IRQHandler
                0x080011e4                TIM8_CC_IRQHandler
                0x080011e4                TIM1_CC_IRQHandler
                0x080011e4                DMA2_Stream5_IRQHandler
                0x080011e4                DMA1_Stream5_IRQHandler
                0x080011e4                PVD_IRQHandler
                0x080011e4                SDIO_IRQHandler
                0x080011e4                TAMP_STAMP_IRQHandler
                0x080011e4                CAN2_RX1_IRQHandler
                0x080011e4                EXTI3_IRQHandler
                0x080011e4                TIM8_TRG_COM_TIM14_IRQHandler
                0x080011e4                TIM1_UP_TIM10_IRQHandler
                0x080011e4                TIM8_UP_TIM13_IRQHandler
                0x080011e4                I2C3_ER_IRQHandler
                0x080011e4                EXTI0_IRQHandler
                0x080011e4                I2C2_EV_IRQHandler
                0x080011e4                DMA1_Stream2_IRQHandler
                0x080011e4                CAN1_RX0_IRQHandler
                0x080011e4                FPU_IRQHandler
                0x080011e4                OTG_HS_WKUP_IRQHandler
                0x080011e4                CAN2_SCE_IRQHandler
                0x080011e4                DMA2_Stream2_IRQHandler
                0x080011e4                SPI1_IRQHandler
                0x080011e4                TIM6_DAC_IRQHandler
                0x080011e4                TIM1_BRK_TIM9_IRQHandler
                0x080011e4                DCMI_IRQHandler
                0x080011e4                CAN2_RX0_IRQHandler
                0x080011e4                DMA2_Stream3_IRQHandler
                0x080011e4                USART6_IRQHandler
                0x080011e4                USART3_IRQHandler
                0x080011e4                CAN1_RX1_IRQHandler
                0x080011e4                UART5_IRQHandler
                0x080011e4                DMA2_Stream0_IRQHandler
                0x080011e4                TIM4_IRQHandler
                0x080011e4                I2C1_EV_IRQHandler
                0x080011e4                DMA1_Stream6_IRQHandler
                0x080011e4                DMA1_Stream1_IRQHandler
                0x080011e4                UART4_IRQHandler
                0x080011e4                TIM3_IRQHandler
                0x080011e4                RCC_IRQHandler
                0x080011e4                TIM8_BRK_TIM12_IRQHandler
                0x080011e4                Default_Handler
                0x080011e4                EXTI15_10_IRQHandler
                0x080011e4                ADC_IRQHandler
                0x080011e4                DMA1_Stream7_IRQHandler
                0x080011e4                TIM7_IRQHandler
                0x080011e4                CAN2_TX_IRQHandler
                0x080011e4                TIM5_IRQHandler
                0x080011e4                DMA2_Stream7_IRQHandler
                0x080011e4                I2C3_EV_IRQHandler
                0x080011e4                EXTI9_5_IRQHandler
                0x080011e4                RTC_WKUP_IRQHandler
                0x080011e4                ETH_WKUP_IRQHandler
                0x080011e4                SPI2_IRQHandler
                0x080011e4                OTG_HS_EP1_IN_IRQHandler
                0x080011e4                DMA1_Stream0_IRQHandler
                0x080011e4                CAN1_TX_IRQHandler
                0x080011e4                EXTI4_IRQHandler
                0x080011e4                FSMC_IRQHandler
                0x080011e4                ETH_IRQHandler
                0x080011e4                OTG_HS_EP1_OUT_IRQHandler
                0x080011e4                WWDG_IRQHandler
                0x080011e4                OTG_FS_WKUP_IRQHandler
                0x080011e4                TIM1_TRG_COM_TIM11_IRQHandler
                0x080011e4                OTG_HS_IRQHandler
                0x080011e4                EXTI1_IRQHandler
                0x080011e4                USART2_IRQHandler
                0x080011e4                I2C2_ER_IRQHandler
                0x080011e4                DMA2_Stream1_IRQHandler
                0x080011e4                CAN1_SCE_IRQHandler
                0x080011e4                FLASH_IRQHandler
                0x080011e4                DMA2_Stream4_IRQHandler
                0x080011e4                USART1_IRQHandler
                0x080011e4                OTG_FS_IRQHandler
                0x080011e4                SPI3_IRQHandler
                0x080011e4                DMA1_Stream4_IRQHandler
                0x080011e4                I2C1_ER_IRQHandler
                0x080011e4                DMA2_Stream6_IRQHandler
                0x080011e4                DMA1_Stream3_IRQHandler
 *fill*         0x080011e6        0x2 
 .text.HAL_Init
                0x080011e8       0x44 ./Drivers/STM32F4xx_HAL_Driver/Src/stm32f4xx_hal.o
                0x080011e8                HAL_Init
 .text.HAL_InitTick
                0x0800122c       0x60 ./Drivers/STM32F4xx_HAL_Driver/Src/stm32f4xx_hal.o
                0x0800122c                HAL_InitTick
 .text.HAL_IncTick
                0x0800128c       0x28 ./Drivers/STM32F4xx_HAL_Driver/Src/stm32f4xx_hal.o
                0x0800128c                HAL_IncTick
 .text.HAL_GetTick
                0x080012b4       0x18 ./Drivers/STM32F4xx_HAL_Driver/Src/stm32f4xx_hal.o
                0x080012b4                HAL_GetTick
 .text.HAL_Delay
                0x080012cc       0x48 ./Drivers/STM32F4xx_HAL_Driver/Src/stm32f4xx_hal.o
                0x080012cc                HAL_Delay
 .text.HAL_ADC_Init
                0x08001314       0x86 ./Drivers/STM32F4xx_HAL_Driver/Src/stm32f4xx_hal_adc.o
                0x08001314                HAL_ADC_Init
 *fill*         0x0800139a        0x2 
 .text.HAL_ADC_Start
                0x0800139c      0x1a4 ./Drivers/STM32F4xx_HAL_Driver/Src/stm32f4xx_hal_adc.o
                0x0800139c                HAL_ADC_Start
 .text.HAL_ADC_PollForConversion
                0x08001540      0x116 ./Drivers/STM32F4xx_HAL_Driver/Src/stm32f4xx_hal_adc.o
                0x08001540                HAL_ADC_PollForConversion
 .text.HAL_ADC_GetValue
                0x08001656       0x1a ./Drivers/STM32F4xx_HAL_Driver/Src/stm32f4xx_hal_adc.o
                0x08001656                HAL_ADC_GetValue
 .text.HAL_ADC_ConfigChannel
                0x08001670      0x244 ./Drivers/STM32F4xx_HAL_Driver/Src/stm32f4xx_hal_adc.o
                0x08001670                HAL_ADC_ConfigChannel
 .text.ADC_Init
                0x080018b4      0x1f8 ./Drivers/STM32F4xx_HAL_Driver/Src/stm32f4xx_hal_adc.o
 .text.__NVIC_SetPriorityGrouping
                0x08001aac       0x48 ./Drivers/STM32F4xx_HAL_Driver/Src/stm32f4xx_hal_cortex.o
 .text.__NVIC_GetPriorityGrouping
                0x08001af4       0x1c ./Drivers/STM32F4xx_HAL_Driver/Src/stm32f4xx_hal_cortex.o
 .text.__NVIC_SetPriority
                0x08001b10       0x54 ./Drivers/STM32F4xx_HAL_Driver/Src/stm32f4xx_hal_cortex.o
 .text.NVIC_EncodePriority
                0x08001b64       0x66 ./Drivers/STM32F4xx_HAL_Driver/Src/stm32f4xx_hal_cortex.o
 *fill*         0x08001bca        0x2 
 .text.SysTick_Config
                0x08001bcc       0x44 ./Drivers/STM32F4xx_HAL_Driver/Src/stm32f4xx_hal_cortex.o
 .text.HAL_NVIC_SetPriorityGrouping
                0x08001c10       0x16 ./Drivers/STM32F4xx_HAL_Driver/Src/stm32f4xx_hal_cortex.o
                0x08001c10                HAL_NVIC_SetPriorityGrouping
 .text.HAL_NVIC_SetPriority
                0x08001c26       0x38 ./Drivers/STM32F4xx_HAL_Driver/Src/stm32f4xx_hal_cortex.o
                0x08001c26                HAL_NVIC_SetPriority
 .text.HAL_SYSTICK_Config
                0x08001c5e       0x18 ./Drivers/STM32F4xx_HAL_Driver/Src/stm32f4xx_hal_cortex.o
                0x08001c5e                HAL_SYSTICK_Config
 *fill*         0x08001c76        0x2 
 .text.HAL_GPIO_Init
                0x08001c78      0x338 ./Drivers/STM32F4xx_HAL_Driver/Src/stm32f4xx_hal_gpio.o
                0x08001c78                HAL_GPIO_Init
 .text.HAL_GPIO_WritePin
                0x08001fb0       0x32 ./Drivers/STM32F4xx_HAL_Driver/Src/stm32f4xx_hal_gpio.o
                0x08001fb0                HAL_GPIO_WritePin
 *fill*         0x08001fe2        0x2 
 .text.HAL_RCC_OscConfig
                0x08001fe4      0x4f0 ./Drivers/STM32F4xx_HAL_Driver/Src/stm32f4xx_hal_rcc.o
                0x08001fe4                HAL_RCC_OscConfig
 .text.HAL_RCC_ClockConfig
                0x080024d4      0x1cc ./Drivers/STM32F4xx_HAL_Driver/Src/stm32f4xx_hal_rcc.o
                0x080024d4                HAL_RCC_ClockConfig
 .text.HAL_RCC_GetSysClockFreq
                0x080026a0      0x20c ./Drivers/STM32F4xx_HAL_Driver/Src/stm32f4xx_hal_rcc.o
                0x080026a0                HAL_RCC_GetSysClockFreq
 .text.HAL_RCC_GetHCLKFreq
                0x080028ac       0x18 ./Drivers/STM32F4xx_HAL_Driver/Src/stm32f4xx_hal_rcc.o
                0x080028ac                HAL_RCC_GetHCLKFreq
 .text.HAL_RCC_GetPCLK1Freq
                0x080028c4       0x28 ./Drivers/STM32F4xx_HAL_Driver/Src/stm32f4xx_hal_rcc.o
                0x080028c4                HAL_RCC_GetPCLK1Freq
 .text.HAL_RCC_GetPCLK2Freq
                0x080028ec       0x28 ./Drivers/STM32F4xx_HAL_Driver/Src/stm32f4xx_hal_rcc.o
                0x080028ec                HAL_RCC_GetPCLK2Freq
 .text.HAL_TIM_PWM_Init
                0x08002914       0x9e ./Drivers/STM32F4xx_HAL_Driver/Src/stm32f4xx_hal_tim.o
                0x08002914                HAL_TIM_PWM_Init
 *fill*         0x080029b2        0x2 
 .text.HAL_TIM_PWM_Start
                0x080029b4      0x190 ./Drivers/STM32F4xx_HAL_Driver/Src/stm32f4xx_hal_tim.o
                0x080029b4                HAL_TIM_PWM_Start
 .text.HAL_TIM_PWM_Stop
                0x08002b44       0xe0 ./Drivers/STM32F4xx_HAL_Driver/Src/stm32f4xx_hal_tim.o
                0x08002b44                HAL_TIM_PWM_Stop
 .text.HAL_TIM_IRQHandler
                0x08002c24      0x1e0 ./Drivers/STM32F4xx_HAL_Driver/Src/stm32f4xx_hal_tim.o
                0x08002c24                HAL_TIM_IRQHandler
 .text.HAL_TIM_PWM_ConfigChannel
                0x08002e04      0x184 ./Drivers/STM32F4xx_HAL_Driver/Src/stm32f4xx_hal_tim.o
                0x08002e04                HAL_TIM_PWM_ConfigChannel
 .text.HAL_TIM_PeriodElapsedCallback
                0x08002f88       0x14 ./Drivers/STM32F4xx_HAL_Driver/Src/stm32f4xx_hal_tim.o
                0x08002f88                HAL_TIM_PeriodElapsedCallback
 .text.HAL_TIM_OC_DelayElapsedCallback
                0x08002f9c       0x14 ./Drivers/STM32F4xx_HAL_Driver/Src/stm32f4xx_hal_tim.o
                0x08002f9c                HAL_TIM_OC_DelayElapsedCallback
 .text.HAL_TIM_IC_CaptureCallback
                0x08002fb0       0x14 ./Drivers/STM32F4xx_HAL_Driver/Src/stm32f4xx_hal_tim.o
                0x08002fb0                HAL_TIM_IC_CaptureCallback
 .text.HAL_TIM_PWM_PulseFinishedCallback
                0x08002fc4       0x14 ./Drivers/STM32F4xx_HAL_Driver/Src/stm32f4xx_hal_tim.o
                0x08002fc4                HAL_TIM_PWM_PulseFinishedCallback
 .text.HAL_TIM_TriggerCallback
                0x08002fd8       0x14 ./Drivers/STM32F4xx_HAL_Driver/Src/stm32f4xx_hal_tim.o
                0x08002fd8                HAL_TIM_TriggerCallback
 .text.TIM_Base_SetConfig
                0x08002fec      0x14c ./Drivers/STM32F4xx_HAL_Driver/Src/stm32f4xx_hal_tim.o
                0x08002fec                TIM_Base_SetConfig
 .text.TIM_OC1_SetConfig
                0x08003138       0xe0 ./Drivers/STM32F4xx_HAL_Driver/Src/stm32f4xx_hal_tim.o
 .text.TIM_OC2_SetConfig
                0x08003218       0xec ./Drivers/STM32F4xx_HAL_Driver/Src/stm32f4xx_hal_tim.o
                0x08003218                TIM_OC2_SetConfig
 .text.TIM_OC3_SetConfig
                0x08003304       0xe8 ./Drivers/STM32F4xx_HAL_Driver/Src/stm32f4xx_hal_tim.o
 .text.TIM_OC4_SetConfig
                0x080033ec       0xac ./Drivers/STM32F4xx_HAL_Driver/Src/stm32f4xx_hal_tim.o
 .text.TIM_CCxChannelCmd
                0x08003498       0x4a ./Drivers/STM32F4xx_HAL_Driver/Src/stm32f4xx_hal_tim.o
                0x08003498                TIM_CCxChannelCmd
 *fill*         0x080034e2        0x2 
 .text.HAL_TIMEx_MasterConfigSynchronization
                0x080034e4       0xf8 ./Drivers/STM32F4xx_HAL_Driver/Src/stm32f4xx_hal_tim_ex.o
                0x080034e4                HAL_TIMEx_MasterConfigSynchronization
 .text.HAL_TIMEx_CommutCallback
                0x080035dc       0x14 ./Drivers/STM32F4xx_HAL_Driver/Src/stm32f4xx_hal_tim_ex.o
                0x080035dc                HAL_TIMEx_CommutCallback
 .text.HAL_TIMEx_BreakCallback
                0x080035f0       0x14 ./Drivers/STM32F4xx_HAL_Driver/Src/stm32f4xx_hal_tim_ex.o
                0x080035f0                HAL_TIMEx_BreakCallback
 .text.HAL_UART_Init
                0x08003604       0xa0 ./Drivers/STM32F4xx_HAL_Driver/Src/stm32f4xx_hal_uart.o
                0x08003604                HAL_UART_Init
 .text.HAL_UART_Receive
                0x080036a4      0x12e ./Drivers/STM32F4xx_HAL_Driver/Src/stm32f4xx_hal_uart.o
                0x080036a4                HAL_UART_Receive
 .text.UART_WaitOnFlagUntilTimeout
                0x080037d2       0xb2 ./Drivers/STM32F4xx_HAL_Driver/Src/stm32f4xx_hal_uart.o
 .text.UART_EndRxTransfer
                0x08003884       0xc6 ./Drivers/STM32F4xx_HAL_Driver/Src/stm32f4xx_hal_uart.o
 *fill*         0x0800394a        0x2 
 .text.UART_SetConfig
                0x0800394c      0x4e8 ./Drivers/STM32F4xx_HAL_Driver/Src/stm32f4xx_hal_uart.o
 .text.memset   0x08003e34       0x10 /opt/st/stm32cubeide_1.19.0/plugins/com.st.stm32cube.ide.mcu.externaltools.gnu-tools-for-stm32.13.3.rel1.linux64_1.0.0.202410170706/tools/bin/../lib/gcc/arm-none-eabi/13.3.1/../../../../arm-none-eabi/lib/thumb/v7e-m+fp/hard/libc_nano.a(libc_a-memset.o)
                0x08003e34                memset
 .text.__libc_init_array
                0x08003e44       0x48 /opt/st/stm32cubeide_1.19.0/plugins/com.st.stm32cube.ide.mcu.externaltools.gnu-tools-for-stm32.13.3.rel1.linux64_1.0.0.202410170706/tools/bin/../lib/gcc/arm-none-eabi/13.3.1/../../../../arm-none-eabi/lib/thumb/v7e-m+fp/hard/libc_nano.a(libc_a-init.o)
                0x08003e44                __libc_init_array
 *(.glue_7)
 .glue_7        0x08003e8c        0x0 linker stubs
 *(.glue_7t)
 .glue_7t       0x08003e8c        0x0 linker stubs
 *(.eh_frame)
 .eh_frame      0x08003e8c        0x0 /opt/st/stm32cubeide_1.19.0/plugins/com.st.stm32cube.ide.mcu.externaltools.gnu-tools-for-stm32.13.3.rel1.linux64_1.0.0.202410170706/tools/bin/../lib/gcc/arm-none-eabi/13.3.1/thumb/v7e-m+fp/hard/crtbegin.o
 *(.init)
 .init          0x08003e8c        0x4 /opt/st/stm32cubeide_1.19.0/plugins/com.st.stm32cube.ide.mcu.externaltools.gnu-tools-for-stm32.13.3.rel1.linux64_1.0.0.202410170706/tools/bin/../lib/gcc/arm-none-eabi/13.3.1/thumb/v7e-m+fp/hard/crti.o
                0x08003e8c                _init
 .init          0x08003e90        0x8 /opt/st/stm32cubeide_1.19.0/plugins/com.st.stm32cube.ide.mcu.externaltools.gnu-tools-for-stm32.13.3.rel1.linux64_1.0.0.202410170706/tools/bin/../lib/gcc/arm-none-eabi/13.3.1/thumb/v7e-m+fp/hard/crtn.o
 *(.fini)
 .fini          0x08003e98        0x4 /opt/st/stm32cubeide_1.19.0/plugins/com.st.stm32cube.ide.mcu.externaltools.gnu-tools-for-stm32.13.3.rel1.linux64_1.0.0.202410170706/tools/bin/../lib/gcc/arm-none-eabi/13.3.1/thumb/v7e-m+fp/hard/crti.o
                0x08003e98                _fini
 .fini          0x08003e9c        0x8 /opt/st/stm32cubeide_1.19.0/plugins/com.st.stm32cube.ide.mcu.externaltools.gnu-tools-for-stm32.13.3.rel1.linux64_1.0.0.202410170706/tools/bin/../lib/gcc/arm-none-eabi/13.3.1/thumb/v7e-m+fp/hard/crtn.o
                0x08003ea4                        . = ALIGN (0x4)
                0x08003ea4                        _etext = .

.vfp11_veneer   0x08003ea4        0x0
 .vfp11_veneer  0x08003ea4        0x0 linker stubs

.v4_bx          0x08003ea4        0x0
 .v4_bx         0x08003ea4        0x0 linker stubs

.iplt           0x08003ea4        0x0
 .iplt          0x08003ea4        0x0 /opt/st/stm32cubeide_1.19.0/plugins/com.st.stm32cube.ide.mcu.externaltools.gnu-tools-for-stm32.13.3.rel1.linux64_1.0.0.202410170706/tools/bin/../lib/gcc/arm-none-eabi/13.3.1/thumb/v7e-m+fp/hard/crtbegin.o

.rodata         0x08003ea4       0x3c
                0x08003ea4                        . = ALIGN (0x4)
 *(.rodata)
 *(.rodata*)
 .rodata.s_stop_ranges
                0x08003ea4       0x18 ./Core/Src/position_sensing.o
 .rodata.s_led_pos_pins
                0x08003ebc        0xc ./Core/Src/status_indicator.o
 .rodata.AHBPrescTable
                0x08003ec8       0x10 ./Core/Src/system_stm32f4xx.o
                0x08003ec8                AHBPrescTable
 .rodata.APBPrescTable
                0x08003ed8        0x8 ./Core/Src/system_stm32f4xx.o
                0x08003ed8                APBPrescTable
                0x08003ee0                        . = ALIGN (0x4)

.ARM.extab      0x08003ee0        0x0
                0x08003ee0                        . = ALIGN (0x4)
 *(.ARM.extab* .gnu.linkonce.armextab.*)
                0x08003ee0                        . = ALIGN (0x4)

.ARM            0x08003ee0        0x8
                0x08003ee0                        . = ALIGN (0x4)
                0x08003ee0                        __exidx_start = .
 *(.ARM.exidx*)
 .ARM.exidx     0x08003ee0        0x8 /opt/st/stm32cubeide_1.19.0/plugins/com.st.stm32cube.ide.mcu.externaltools.gnu-tools-for-stm32.13.3.rel1.linux64_1.0.0.202410170706/tools/bin/../lib/gcc/arm-none-eabi/13.3.1/thumb/v7e-m+fp/hard/libgcc.a(_udivmoddi4.o)
                0x08003ee8                        __exidx_end = .
                0x08003ee8                        . = ALIGN (0x4)

.preinit_array  0x08003ee8        0x0
                0x08003ee8                        . = ALIGN (0x4)
                0x08003ee8                        PROVIDE (__preinit_array_start = .)
 *(.preinit_array*)
                0x08003ee8                        PROVIDE (__preinit_array_end = .)
                0x08003ee8                        . = ALIGN (0x4)

.init_array     0x08003ee8        0x4
                0x08003ee8                        . = ALIGN (0x4)
                0x08003ee8                        PROVIDE (__init_array_start = .)
 *(SORT_BY_NAME(.init_array.*))
 *(.init_array*)
 .init_array    0x08003ee8        0x4 /opt/st/stm32cubeide_1.19.0/plugins/com.st.stm32cube.ide.mcu.externaltools.gnu-tools-for-stm32.13.3.rel1.linux64_1.0.0.202410170706/tools/bin/../lib/gcc/arm-none-eabi/13.3.1/thumb/v7e-m+fp/hard/crtbegin.o
                0x08003eec                        PROVIDE (__init_array_end = .)
                0x08003eec                        . = ALIGN (0x4)

.fini_array     0x08003eec        0x4
                0x08003eec                        . = ALIGN (0x4)
                [!provide]                        PROVIDE (__fini_array_start = .)
 *(SORT_BY_NAME(.fini_array.*))
 *(.fini_array*)
 .fini_array    0x08003eec        0x4 /opt/st/stm32cubeide_1.19.0/plugins/com.st.stm32cube.ide.mcu.externaltools.gnu-tools-for-stm32.13.3.rel1.linux64_1.0.0.202410170706/tools/bin/../lib/gcc/arm-none-eabi/13.3.1/thumb/v7e-m+fp/hard/crtbegin.o
                [!provide]                        PROVIDE (__fini_array_end = .)
                0x08003ef0                        . = ALIGN (0x4)
                0x08003ef0                        _sidata = LOADADDR (.data)

.rel.dyn        0x08003ef0        0x0
 .rel.iplt      0x08003ef0        0x0 /opt/st/stm32cubeide_1.19.0/plugins/com.st.stm32cube.ide.mcu.externaltools.gnu-tools-for-stm32.13.3.rel1.linux64_1.0.0.202410170706/tools/bin/../lib/gcc/arm-none-eabi/13.3.1/thumb/v7e-m+fp/hard/crtbegin.o

.data           0x20000000       0x10 load address 0x08003ef0
                0x20000000                        . = ALIGN (0x4)
                0x20000000                        _sdata = .
 *(.data)
 *(.data*)
 .data.s_logical_position
                0x20000000        0x1 ./Core/Src/position_sensing.o
 *fill*         0x20000001        0x3 
 .data.SystemCoreClock
                0x20000004        0x4 ./Core/Src/system_stm32f4xx.o
                0x20000004                SystemCoreClock
 .data.uwTickPrio
                0x20000008        0x4 ./Drivers/STM32F4xx_HAL_Driver/Src/stm32f4xx_hal.o
                0x20000008                uwTickPrio
 .data.uwTickFreq
                0x2000000c        0x1 ./Drivers/STM32F4xx_HAL_Driver/Src/stm32f4xx_hal.o
                0x2000000c                uwTickFreq
 *(.RamFunc)
 *(.RamFunc*)
                0x20000010                        . = ALIGN (0x4)
 *fill*         0x2000000d        0x3 
                0x20000010                        _edata = .
                0x08003f00                        _siccmram = LOADADDR (.ccmram)

.igot.plt       0x20000010        0x0 load address 0x08003f00
 .igot.plt      0x20000010        0x0 /opt/st/stm32cubeide_1.19.0/plugins/com.st.stm32cube.ide.mcu.externaltools.gnu-tools-for-stm32.13.3.rel1.linux64_1.0.0.202410170706/tools/bin/../lib/gcc/arm-none-eabi/13.3.1/thumb/v7e-m+fp/hard/crtbegin.o

.ccmram         0x10000000        0x0 load address 0x08003f00
                0x10000000                        . = ALIGN (0x4)
                0x10000000                        _sccmram = .
 *(.ccmram)
 *(.ccmram*)
                0x10000000                        . = ALIGN (0x4)
                0x10000000                        _eccmram = .
                0x10000000                        . = ALIGN (0x4)

.bss            0x20000010      0x15c
                0x20000010                        _sbss = .
                0x20000010                        __bss_start__ = _sbss
 *(.bss)
 .bss           0x20000010       0x1c /opt/st/stm32cubeide_1.19.0/plugins/com.st.stm32cube.ide.mcu.externaltools.gnu-tools-for-stm32.13.3.rel1.linux64_1.0.0.202410170706/tools/bin/../lib/gcc/arm-none-eabi/13.3.1/thumb/v7e-m+fp/hard/crtbegin.o
 *(.bss*)
 .bss.hadc1     0x2000002c       0x48 ./Core/Src/main.o
                0x2000002c                hadc1
 .bss.htim3     0x20000074       0x48 ./Core/Src/main.o
                0x20000074                htim3
 .bss.htim2     0x200000bc       0x48 ./Core/Src/main.o
                0x200000bc                htim2
 .bss.huart2    0x20000104       0x48 ./Core/Src/main.o
                0x20000104                huart2
 .bss.s_motor_state
                0x2000014c        0x1 ./Core/Src/motor_controller.o
 .bss.s_target_position
                0x2000014d        0x1 ./Core/Src/motor_controller.o
 .bss.s_movement_active
                0x2000014e        0x1 ./Core/Src/motor_controller.o
 *fill*         0x2000014f        0x1 
 .bss.s_adc_value
                0x20000150        0x2 ./Core/Src/position_sensing.o
 .bss.s_position_valid
                0x20000152        0x1 ./Core/Src/position_sensing.o
 *fill*         0x20000153        0x1 
 .bss.GPIO_InitStruct
                0x20000154       0x14 ./Core/Src/status_indicator.o
 .bss.uwTick    0x20000168        0x4 ./Drivers/STM32F4xx_HAL_Driver/Src/stm32f4xx_hal.o
                0x20000168                uwTick
 *(COMMON)
                0x2000016c                        . = ALIGN (0x4)
                0x2000016c                        _ebss = .
                0x2000016c                        __bss_end__ = _ebss

._user_heap_stack
                0x2000016c      0x604
                0x20000170                        . = ALIGN (0x8)
 *fill*         0x2000016c        0x4 
                [!provide]                        PROVIDE (end = .)
                0x20000170                        PROVIDE (_end = .)
                0x20000370                        . = (. + _Min_Heap_Size)
 *fill*         0x20000170      0x200 
                0x20000770                        . = (. + _Min_Stack_Size)
 *fill*         0x20000370      0x400 
                0x20000770                        . = ALIGN (0x8)

/DISCARD/
 libc.a(*)
 libm.a(*)
 libgcc.a(*)

.ARM.attributes
                0x00000000       0x30
 *(.ARM.attributes)
 .ARM.attributes
                0x00000000       0x22 /opt/st/stm32cubeide_1.19.0/plugins/com.st.stm32cube.ide.mcu.externaltools.gnu-tools-for-stm32.13.3.rel1.linux64_1.0.0.202410170706/tools/bin/../lib/gcc/arm-none-eabi/13.3.1/thumb/v7e-m+fp/hard/crti.o
 .ARM.attributes
                0x00000022       0x34 /opt/st/stm32cubeide_1.19.0/plugins/com.st.stm32cube.ide.mcu.externaltools.gnu-tools-for-stm32.13.3.rel1.linux64_1.0.0.202410170706/tools/bin/../lib/gcc/arm-none-eabi/13.3.1/thumb/v7e-m+fp/hard/crtbegin.o
 .ARM.attributes
                0x00000056       0x34 ./Core/Src/command_handler.o
 .ARM.attributes
                0x0000008a       0x34 ./Core/Src/main.o
 .ARM.attributes
                0x000000be       0x34 ./Core/Src/motor_controller.o
 .ARM.attributes
                0x000000f2       0x34 ./Core/Src/position_sensing.o
 .ARM.attributes
                0x00000126       0x34 ./Core/Src/status_indicator.o
 .ARM.attributes
                0x0000015a       0x34 ./Core/Src/stm32f4xx_hal_msp.o
 .ARM.attributes
                0x0000018e       0x34 ./Core/Src/stm32f4xx_it.o
 .ARM.attributes
                0x000001c2       0x34 ./Core/Src/system_stm32f4xx.o
 .ARM.attributes
                0x000001f6       0x21 ./Core/Startup/startup_stm32f407vgtx.o
 .ARM.attributes
                0x00000217       0x34 ./Drivers/STM32F4xx_HAL_Driver/Src/stm32f4xx_hal.o
 .ARM.attributes
                0x0000024b       0x34 ./Drivers/STM32F4xx_HAL_Driver/Src/stm32f4xx_hal_adc.o
 .ARM.attributes
                0x0000027f       0x34 ./Drivers/STM32F4xx_HAL_Driver/Src/stm32f4xx_hal_cortex.o
 .ARM.attributes
                0x000002b3       0x34 ./Drivers/STM32F4xx_HAL_Driver/Src/stm32f4xx_hal_gpio.o
 .ARM.attributes
                0x000002e7       0x34 ./Drivers/STM32F4xx_HAL_Driver/Src/stm32f4xx_hal_rcc.o
 .ARM.attributes
                0x0000031b       0x34 ./Drivers/STM32F4xx_HAL_Driver/Src/stm32f4xx_hal_tim.o
 .ARM.attributes
                0x0000034f       0x34 ./Drivers/STM32F4xx_HAL_Driver/Src/stm32f4xx_hal_tim_ex.o
 .ARM.attributes
                0x00000383       0x34 ./Drivers/STM32F4xx_HAL_Driver/Src/stm32f4xx_hal_uart.o
 .ARM.attributes
                0x000003b7       0x34 /opt/st/stm32cubeide_1.19.0/plugins/com.st.stm32cube.ide.mcu.externaltools.gnu-tools-for-stm32.13.3.rel1.linux64_1.0.0.202410170706/tools/bin/../lib/gcc/arm-none-eabi/13.3.1/../../../../arm-none-eabi/lib/thumb/v7e-m+fp/hard/libc_nano.a(libc_a-memset.o)
 .ARM.attributes
                0x000003eb       0x34 /opt/st/stm32cubeide_1.19.0/plugins/com.st.stm32cube.ide.mcu.externaltools.gnu-tools-for-stm32.13.3.rel1.linux64_1.0.0.202410170706/tools/bin/../lib/gcc/arm-none-eabi/13.3.1/../../../../arm-none-eabi/lib/thumb/v7e-m+fp/hard/libc_nano.a(libc_a-init.o)
 .ARM.attributes
                0x0000041f       0x22 /opt/st/stm32cubeide_1.19.0/plugins/com.st.stm32cube.ide.mcu.externaltools.gnu-tools-for-stm32.13.3.rel1.linux64_1.0.0.202410170706/tools/bin/../lib/gcc/arm-none-eabi/13.3.1/thumb/v7e-m+fp/hard/libgcc.a(_aeabi_uldivmod.o)
 .ARM.attributes
                0x00000441       0x34 /opt/st/stm32cubeide_1.19.0/plugins/com.st.stm32cube.ide.mcu.externaltools.gnu-tools-for-stm32.13.3.rel1.linux64_1.0.0.202410170706/tools/bin/../lib/gcc/arm-none-eabi/13.3.1/thumb/v7e-m+fp/hard/libgcc.a(_udivmoddi4.o)
 .ARM.attributes
                0x00000475       0x22 /opt/st/stm32cubeide_1.19.0/plugins/com.st.stm32cube.ide.mcu.externaltools.gnu-tools-for-stm32.13.3.rel1.linux64_1.0.0.202410170706/tools/bin/../lib/gcc/arm-none-eabi/13.3.1/thumb/v7e-m+fp/hard/libgcc.a(_dvmd_tls.o)
 .ARM.attributes
                0x00000497       0x22 /opt/st/stm32cubeide_1.19.0/plugins/com.st.stm32cube.ide.mcu.externaltools.gnu-tools-for-stm32.13.3.rel1.linux64_1.0.0.202410170706/tools/bin/../lib/gcc/arm-none-eabi/13.3.1/thumb/v7e-m+fp/hard/crtn.o
OUTPUT(DEC16_TEST.elf elf32-littlearm)
LOAD linker stubs
LOAD /opt/st/stm32cubeide_1.19.0/plugins/com.st.stm32cube.ide.mcu.externaltools.gnu-tools-for-stm32.13.3.rel1.linux64_1.0.0.202410170706/tools/bin/../lib/gcc/arm-none-eabi/13.3.1/../../../../arm-none-eabi/lib/thumb/v7e-m+fp/hard/libc.a
LOAD /opt/st/stm32cubeide_1.19.0/plugins/com.st.stm32cube.ide.mcu.externaltools.gnu-tools-for-stm32.13.3.rel1.linux64_1.0.0.202410170706/tools/bin/../lib/gcc/arm-none-eabi/13.3.1/../../../../arm-none-eabi/lib/thumb/v7e-m+fp/hard/libm.a
LOAD /opt/st/stm32cubeide_1.19.0/plugins/com.st.stm32cube.ide.mcu.externaltools.gnu-tools-for-stm32.13.3.rel1.linux64_1.0.0.202410170706/tools/bin/../lib/gcc/arm-none-eabi/13.3.1/thumb/v7e-m+fp/hard/libgcc.a

.debug_info     0x00000000     0xf819
 .debug_info    0x00000000      0x608 ./Core/Src/command_handler.o
 .debug_info    0x00000608     0x14ea ./Core/Src/main.o
 .debug_info    0x00001af2      0x989 ./Core/Src/motor_controller.o
 .debug_info    0x0000247b      0x75f ./Core/Src/position_sensing.o
 .debug_info    0x00002bda      0x2de ./Core/Src/status_indicator.o
 .debug_info    0x00002eb8     0x1c3e ./Core/Src/stm32f4xx_hal_msp.o
 .debug_info    0x00004af6      0x6e1 ./Core/Src/stm32f4xx_it.o
 .debug_info    0x000051d7      0x512 ./Core/Src/system_stm32f4xx.o
 .debug_info    0x000056e9       0x30 ./Core/Startup/startup_stm32f407vgtx.o
 .debug_info    0x00005719      0x944 ./Drivers/STM32F4xx_HAL_Driver/Src/stm32f4xx_hal.o
 .debug_info    0x0000605d      0xce3 ./Drivers/STM32F4xx_HAL_Driver/Src/stm32f4xx_hal_adc.o
 .debug_info    0x00006d40      0xd8c ./Drivers/STM32F4xx_HAL_Driver/Src/stm32f4xx_hal_cortex.o
 .debug_info    0x00007acc      0x6c3 ./Drivers/STM32F4xx_HAL_Driver/Src/stm32f4xx_hal_gpio.o
 .debug_info    0x0000818f      0x8c3 ./Drivers/STM32F4xx_HAL_Driver/Src/stm32f4xx_hal_rcc.o
 .debug_info    0x00008a52     0x299d ./Drivers/STM32F4xx_HAL_Driver/Src/stm32f4xx_hal_tim.o
 .debug_info    0x0000b3ef     0x14db ./Drivers/STM32F4xx_HAL_Driver/Src/stm32f4xx_hal_tim_ex.o
 .debug_info    0x0000c8ca     0x2f4f ./Drivers/STM32F4xx_HAL_Driver/Src/stm32f4xx_hal_uart.o

.debug_abbrev   0x00000000     0x2371
 .debug_abbrev  0x00000000      0x16b ./Core/Src/command_handler.o
 .debug_abbrev  0x0000016b      0x2d6 ./Core/Src/main.o
 .debug_abbrev  0x00000441      0x252 ./Core/Src/motor_controller.o
 .debug_abbrev  0x00000693      0x207 ./Core/Src/position_sensing.o
 .debug_abbrev  0x0000089a      0x18a ./Core/Src/status_indicator.o
 .debug_abbrev  0x00000a24      0x266 ./Core/Src/stm32f4xx_hal_msp.o
 .debug_abbrev  0x00000c8a      0x192 ./Core/Src/stm32f4xx_it.o
 .debug_abbrev  0x00000e1c      0x11a ./Core/Src/system_stm32f4xx.o
 .debug_abbrev  0x00000f36       0x24 ./Core/Startup/startup_stm32f407vgtx.o
 .debug_abbrev  0x00000f5a      0x214 ./Drivers/STM32F4xx_HAL_Driver/Src/stm32f4xx_hal.o
 .debug_abbrev  0x0000116e      0x252 ./Drivers/STM32F4xx_HAL_Driver/Src/stm32f4xx_hal_adc.o
 .debug_abbrev  0x000013c0      0x31d ./Drivers/STM32F4xx_HAL_Driver/Src/stm32f4xx_hal_cortex.o
 .debug_abbrev  0x000016dd      0x1d4 ./Drivers/STM32F4xx_HAL_Driver/Src/stm32f4xx_hal_gpio.o
 .debug_abbrev  0x000018b1      0x2b7 ./Drivers/STM32F4xx_HAL_Driver/Src/stm32f4xx_hal_rcc.o
 .debug_abbrev  0x00001b68      0x278 ./Drivers/STM32F4xx_HAL_Driver/Src/stm32f4xx_hal_tim.o
 .debug_abbrev  0x00001de0      0x283 ./Drivers/STM32F4xx_HAL_Driver/Src/stm32f4xx_hal_tim_ex.o
 .debug_abbrev  0x00002063      0x30e ./Drivers/STM32F4xx_HAL_Driver/Src/stm32f4xx_hal_uart.o

.debug_aranges  0x00000000      0xdb0
 .debug_aranges
                0x00000000       0x20 ./Core/Src/command_handler.o
 .debug_aranges
                0x00000020       0x50 ./Core/Src/main.o
 .debug_aranges
                0x00000070       0x50 ./Core/Src/motor_controller.o
 .debug_aranges
                0x000000c0       0x48 ./Core/Src/position_sensing.o
 .debug_aranges
                0x00000108       0x30 ./Core/Src/status_indicator.o
 .debug_aranges
                0x00000138       0x98 ./Core/Src/stm32f4xx_hal_msp.o
 .debug_aranges
                0x000001d0       0x68 ./Core/Src/stm32f4xx_it.o
 .debug_aranges
                0x00000238       0x28 ./Core/Src/system_stm32f4xx.o
 .debug_aranges
                0x00000260       0x28 ./Core/Startup/startup_stm32f407vgtx.o
 .debug_aranges
                0x00000288       0xf0 ./Drivers/STM32F4xx_HAL_Driver/Src/stm32f4xx_hal.o
 .debug_aranges
                0x00000378       0xe8 ./Drivers/STM32F4xx_HAL_Driver/Src/stm32f4xx_hal_adc.o
 .debug_aranges
                0x00000460      0x130 ./Drivers/STM32F4xx_HAL_Driver/Src/stm32f4xx_hal_cortex.o
 .debug_aranges
                0x00000590       0x58 ./Drivers/STM32F4xx_HAL_Driver/Src/stm32f4xx_hal_gpio.o
 .debug_aranges
                0x000005e8       0x88 ./Drivers/STM32F4xx_HAL_Driver/Src/stm32f4xx_hal_rcc.o
 .debug_aranges
                0x00000670      0x3d0 ./Drivers/STM32F4xx_HAL_Driver/Src/stm32f4xx_hal_tim.o
 .debug_aranges
                0x00000a40      0x168 ./Drivers/STM32F4xx_HAL_Driver/Src/stm32f4xx_hal_tim_ex.o
 .debug_aranges
                0x00000ba8      0x208 ./Drivers/STM32F4xx_HAL_Driver/Src/stm32f4xx_hal_uart.o

.debug_rnglists
                0x00000000      0xab5
 .debug_rnglists
                0x00000000       0x13 ./Core/Src/command_handler.o
 .debug_rnglists
                0x00000013       0x3c ./Core/Src/main.o
 .debug_rnglists
                0x0000004f       0x44 ./Core/Src/motor_controller.o
 .debug_rnglists
                0x00000093       0x31 ./Core/Src/position_sensing.o
 .debug_rnglists
                0x000000c4       0x1f ./Core/Src/status_indicator.o
 .debug_rnglists
                0x000000e3       0x72 ./Core/Src/stm32f4xx_hal_msp.o
 .debug_rnglists
                0x00000155       0x49 ./Core/Src/stm32f4xx_it.o
 .debug_rnglists
                0x0000019e       0x1a ./Core/Src/system_stm32f4xx.o
 .debug_rnglists
                0x000001b8       0x19 ./Core/Startup/startup_stm32f407vgtx.o
 .debug_rnglists
                0x000001d1       0xaf ./Drivers/STM32F4xx_HAL_Driver/Src/stm32f4xx_hal.o
 .debug_rnglists
                0x00000280       0xb5 ./Drivers/STM32F4xx_HAL_Driver/Src/stm32f4xx_hal_adc.o
 .debug_rnglists
                0x00000335       0xe0 ./Drivers/STM32F4xx_HAL_Driver/Src/stm32f4xx_hal_cortex.o
 .debug_rnglists
                0x00000415       0x3f ./Drivers/STM32F4xx_HAL_Driver/Src/stm32f4xx_hal_gpio.o
 .debug_rnglists
                0x00000454       0x66 ./Drivers/STM32F4xx_HAL_Driver/Src/stm32f4xx_hal_rcc.o
 .debug_rnglists
                0x000004ba      0x31a ./Drivers/STM32F4xx_HAL_Driver/Src/stm32f4xx_hal_tim.o
 .debug_rnglists
                0x000007d4      0x125 ./Drivers/STM32F4xx_HAL_Driver/Src/stm32f4xx_hal_tim_ex.o
 .debug_rnglists
                0x000008f9      0x1bc ./Drivers/STM32F4xx_HAL_Driver/Src/stm32f4xx_hal_uart.o

.debug_macro    0x00000000    0x22a91
 .debug_macro   0x00000000      0x246 ./Core/Src/command_handler.o
 .debug_macro   0x00000246      0xad8 ./Core/Src/command_handler.o
 .debug_macro   0x00000d1e       0x22 ./Core/Src/command_handler.o
 .debug_macro   0x00000d40       0x8e ./Core/Src/command_handler.o
 .debug_macro   0x00000dce       0x51 ./Core/Src/command_handler.o
 .debug_macro   0x00000e1f      0x103 ./Core/Src/command_handler.o
 .debug_macro   0x00000f22       0x6a ./Core/Src/command_handler.o
 .debug_macro   0x00000f8c      0x1df ./Core/Src/command_handler.o
 .debug_macro   0x0000116b      0x190 ./Core/Src/command_handler.o
 .debug_macro   0x000012fb       0x1c ./Core/Src/command_handler.o
 .debug_macro   0x00001317      0x2b3 ./Core/Src/command_handler.o
 .debug_macro   0x000015ca       0x2e ./Core/Src/command_handler.o
 .debug_macro   0x000015f8       0x2f ./Core/Src/command_handler.o
 .debug_macro   0x00001627       0x1c ./Core/Src/command_handler.o
 .debug_macro   0x00001643       0x22 ./Core/Src/command_handler.o
 .debug_macro   0x00001665       0xfb ./Core/Src/command_handler.o
 .debug_macro   0x00001760     0x1011 ./Core/Src/command_handler.o
 .debug_macro   0x00002771      0x11f ./Core/Src/command_handler.o
 .debug_macro   0x00002890    0x15ea5 ./Core/Src/command_handler.o
 .debug_macro   0x00018735       0x6d ./Core/Src/command_handler.o
 .debug_macro   0x000187a2     0x3693 ./Core/Src/command_handler.o
 .debug_macro   0x0001be35       0x5c ./Core/Src/command_handler.o
 .debug_macro   0x0001be91      0x980 ./Core/Src/command_handler.o
 .debug_macro   0x0001c811      0x9e9 ./Core/Src/command_handler.o
 .debug_macro   0x0001d1fa      0x115 ./Core/Src/command_handler.o
 .debug_macro   0x0001d30f      0x13e ./Core/Src/command_handler.o
 .debug_macro   0x0001d44d       0xa5 ./Core/Src/command_handler.o
 .debug_macro   0x0001d4f2      0x174 ./Core/Src/command_handler.o
 .debug_macro   0x0001d666      0x287 ./Core/Src/command_handler.o
 .debug_macro   0x0001d8ed       0x5f ./Core/Src/command_handler.o
 .debug_macro   0x0001d94c      0x236 ./Core/Src/command_handler.o
 .debug_macro   0x0001db82      0xb5b ./Core/Src/command_handler.o
 .debug_macro   0x0001e6dd      0x38b ./Core/Src/command_handler.o
 .debug_macro   0x0001ea68      0x176 ./Core/Src/command_handler.o
 .debug_macro   0x0001ebde       0xf9 ./Core/Src/command_handler.o
 .debug_macro   0x0001ecd7      0x12c ./Core/Src/command_handler.o
 .debug_macro   0x0001ee03      0x21e ./Core/Src/command_handler.o
 .debug_macro   0x0001f021       0x2e ./Core/Src/command_handler.o
 .debug_macro   0x0001f04f      0x1b5 ./Core/Src/command_handler.o
 .debug_macro   0x0001f204       0xd6 ./Core/Src/command_handler.o
 .debug_macro   0x0001f2da      0x1a7 ./Core/Src/command_handler.o
 .debug_macro   0x0001f481       0x46 ./Core/Src/command_handler.o
 .debug_macro   0x0001f4c7       0x4a ./Core/Src/command_handler.o
 .debug_macro   0x0001f511      0x127 ./Core/Src/command_handler.o
 .debug_macro   0x0001f638       0x7e ./Core/Src/command_handler.o
 .debug_macro   0x0001f6b6       0x89 ./Core/Src/command_handler.o
 .debug_macro   0x0001f73f      0x225 ./Core/Src/command_handler.o
 .debug_macro   0x0001f964      0x8ed ./Core/Src/command_handler.o
 .debug_macro   0x00020251       0x4d ./Core/Src/command_handler.o
 .debug_macro   0x0002029e      0x2aa ./Core/Src/command_handler.o
 .debug_macro   0x00020548      0x12d ./Core/Src/command_handler.o
 .debug_macro   0x00020675      0x271 ./Core/Src/main.o
 .debug_macro   0x000208e6      0x194 ./Core/Src/main.o
 .debug_macro   0x00020a7a       0x16 ./Core/Src/main.o
 .debug_macro   0x00020a90       0x10 ./Core/Src/main.o
 .debug_macro   0x00020aa0      0x264 ./Core/Src/motor_controller.o
 .debug_macro   0x00020d04      0x242 ./Core/Src/position_sensing.o
 .debug_macro   0x00020f46       0x10 ./Core/Src/position_sensing.o
 .debug_macro   0x00020f56      0x255 ./Core/Src/status_indicator.o
 .debug_macro   0x000211ab      0x242 ./Core/Src/stm32f4xx_hal_msp.o
 .debug_macro   0x000213ed      0x24c ./Core/Src/stm32f4xx_it.o
 .debug_macro   0x00021639      0x233 ./Core/Src/system_stm32f4xx.o
 .debug_macro   0x0002186c      0x293 ./Drivers/STM32F4xx_HAL_Driver/Src/stm32f4xx_hal.o
 .debug_macro   0x00021aff      0x234 ./Drivers/STM32F4xx_HAL_Driver/Src/stm32f4xx_hal_adc.o
 .debug_macro   0x00021d33      0x233 ./Drivers/STM32F4xx_HAL_Driver/Src/stm32f4xx_hal_cortex.o
 .debug_macro   0x00021f66      0x239 ./Drivers/STM32F4xx_HAL_Driver/Src/stm32f4xx_hal_gpio.o
 .debug_macro   0x0002219f      0x257 ./Drivers/STM32F4xx_HAL_Driver/Src/stm32f4xx_hal_rcc.o
 .debug_macro   0x000223f6      0x234 ./Drivers/STM32F4xx_HAL_Driver/Src/stm32f4xx_hal_tim.o
 .debug_macro   0x0002262a      0x233 ./Drivers/STM32F4xx_HAL_Driver/Src/stm32f4xx_hal_tim_ex.o
 .debug_macro   0x0002285d      0x234 ./Drivers/STM32F4xx_HAL_Driver/Src/stm32f4xx_hal_uart.o

.debug_line     0x00000000     0xfe89
 .debug_line    0x00000000      0x77a ./Core/Src/command_handler.o
 .debug_line    0x0000077a      0x9f1 ./Core/Src/main.o
 .debug_line    0x0000116b      0x88b ./Core/Src/motor_controller.o
 .debug_line    0x000019f6      0x875 ./Core/Src/position_sensing.o
 .debug_line    0x0000226b      0x7e8 ./Core/Src/status_indicator.o
 .debug_line    0x00002a53      0x996 ./Core/Src/stm32f4xx_hal_msp.o
 .debug_line    0x000033e9      0x812 ./Core/Src/stm32f4xx_it.o
 .debug_line    0x00003bfb      0x7c1 ./Core/Src/system_stm32f4xx.o
 .debug_line    0x000043bc       0x7a ./Core/Startup/startup_stm32f407vgtx.o
 .debug_line    0x00004436      0xa3d ./Drivers/STM32F4xx_HAL_Driver/Src/stm32f4xx_hal.o
 .debug_line    0x00004e73     0x1254 ./Drivers/STM32F4xx_HAL_Driver/Src/stm32f4xx_hal_adc.o
 .debug_line    0x000060c7      0xd0d ./Drivers/STM32F4xx_HAL_Driver/Src/stm32f4xx_hal_cortex.o
 .debug_line    0x00006dd4      0xb95 ./Drivers/STM32F4xx_HAL_Driver/Src/stm32f4xx_hal_gpio.o
 .debug_line    0x00007969      0xe4c ./Drivers/STM32F4xx_HAL_Driver/Src/stm32f4xx_hal_rcc.o
 .debug_line    0x000087b5     0x37b2 ./Drivers/STM32F4xx_HAL_Driver/Src/stm32f4xx_hal_tim.o
 .debug_line    0x0000bf67     0x199d ./Drivers/STM32F4xx_HAL_Driver/Src/stm32f4xx_hal_tim_ex.o
 .debug_line    0x0000d904     0x2585 ./Drivers/STM32F4xx_HAL_Driver/Src/stm32f4xx_hal_uart.o

.debug_str      0x00000000    0xd946b
 .debug_str     0x00000000    0xd946b ./Core/Src/command_handler.o
                              0xd4d8f (size before relaxing)
 .debug_str     0x000d946b    0xd5ee8 ./Core/Src/main.o
 .debug_str     0x000d946b    0xd5135 ./Core/Src/motor_controller.o
 .debug_str     0x000d946b    0xd4dff ./Core/Src/position_sensing.o
 .debug_str     0x000d946b    0xd4a20 ./Core/Src/status_indicator.o
 .debug_str     0x000d946b    0xd65f0 ./Core/Src/stm32f4xx_hal_msp.o
 .debug_str     0x000d946b    0xd54c3 ./Core/Src/stm32f4xx_it.o
 .debug_str     0x000d946b    0xd4a21 ./Core/Src/system_stm32f4xx.o
 .debug_str     0x000d946b       0x7f ./Core/Startup/startup_stm32f407vgtx.o
 .debug_str     0x000d946b    0xd55a5 ./Drivers/STM32F4xx_HAL_Driver/Src/stm32f4xx_hal.o
 .debug_str     0x000d946b    0xd500e ./Drivers/STM32F4xx_HAL_Driver/Src/stm32f4xx_hal_adc.o
 .debug_str     0x000d946b    0xd5321 ./Drivers/STM32F4xx_HAL_Driver/Src/stm32f4xx_hal_cortex.o
 .debug_str     0x000d946b    0xd4b9c ./Drivers/STM32F4xx_HAL_Driver/Src/stm32f4xx_hal_gpio.o
 .debug_str     0x000d946b    0xd4e55 ./Drivers/STM32F4xx_HAL_Driver/Src/stm32f4xx_hal_rcc.o
 .debug_str     0x000d946b    0xd5dab ./Drivers/STM32F4xx_HAL_Driver/Src/stm32f4xx_hal_tim.o
 .debug_str     0x000d946b    0xd55b7 ./Drivers/STM32F4xx_HAL_Driver/Src/stm32f4xx_hal_tim_ex.o
 .debug_str     0x000d946b    0xd5436 ./Drivers/STM32F4xx_HAL_Driver/Src/stm32f4xx_hal_uart.o

.comment        0x00000000       0x43
 .comment       0x00000000       0x43 ./Core/Src/command_handler.o
                                 0x44 (size before relaxing)
 .comment       0x00000043       0x44 ./Core/Src/main.o
 .comment       0x00000043       0x44 ./Core/Src/motor_controller.o
 .comment       0x00000043       0x44 ./Core/Src/position_sensing.o
 .comment       0x00000043       0x44 ./Core/Src/status_indicator.o
 .comment       0x00000043       0x44 ./Core/Src/stm32f4xx_hal_msp.o
 .comment       0x00000043       0x44 ./Core/Src/stm32f4xx_it.o
 .comment       0x00000043       0x44 ./Core/Src/system_stm32f4xx.o
 .comment       0x00000043       0x44 ./Drivers/STM32F4xx_HAL_Driver/Src/stm32f4xx_hal.o
 .comment       0x00000043       0x44 ./Drivers/STM32F4xx_HAL_Driver/Src/stm32f4xx_hal_adc.o
 .comment       0x00000043       0x44 ./Drivers/STM32F4xx_HAL_Driver/Src/stm32f4xx_hal_cortex.o
 .comment       0x00000043       0x44 ./Drivers/STM32F4xx_HAL_Driver/Src/stm32f4xx_hal_gpio.o
 .comment       0x00000043       0x44 ./Drivers/STM32F4xx_HAL_Driver/Src/stm32f4xx_hal_rcc.o
 .comment       0x00000043       0x44 ./Drivers/STM32F4xx_HAL_Driver/Src/stm32f4xx_hal_tim.o
 .comment       0x00000043       0x44 ./Drivers/STM32F4xx_HAL_Driver/Src/stm32f4xx_hal_tim_ex.o
 .comment       0x00000043       0x44 ./Drivers/STM32F4xx_HAL_Driver/Src/stm32f4xx_hal_uart.o

.debug_frame    0x00000000     0x390c
 .debug_frame   0x00000000       0x34 ./Core/Src/command_handler.o
 .debug_frame   0x00000034       0xf8 ./Core/Src/main.o
 .debug_frame   0x0000012c      0x100 ./Core/Src/motor_controller.o
 .debug_frame   0x0000022c       0xe4 ./Core/Src/position_sensing.o
 .debug_frame   0x00000310       0x7c ./Core/Src/status_indicator.o
 .debug_frame   0x0000038c      0x258 ./Core/Src/stm32f4xx_hal_msp.o
 .debug_frame   0x000005e4      0x120 ./Core/Src/stm32f4xx_it.o
 .debug_frame   0x00000704       0x58 ./Core/Src/system_stm32f4xx.o
 .debug_frame   0x0000075c      0x374 ./Drivers/STM32F4xx_HAL_Driver/Src/stm32f4xx_hal.o
 .debug_frame   0x00000ad0      0x3fc ./Drivers/STM32F4xx_HAL_Driver/Src/stm32f4xx_hal_adc.o
 .debug_frame   0x00000ecc      0x508 ./Drivers/STM32F4xx_HAL_Driver/Src/stm32f4xx_hal_cortex.o
 .debug_frame   0x000013d4      0x14c ./Drivers/STM32F4xx_HAL_Driver/Src/stm32f4xx_hal_gpio.o
 .debug_frame   0x00001520      0x1f4 ./Drivers/STM32F4xx_HAL_Driver/Src/stm32f4xx_hal_rcc.o
 .debug_frame   0x00001714     0x11c0 ./Drivers/STM32F4xx_HAL_Driver/Src/stm32f4xx_hal_tim.o
 .debug_frame   0x000028d4      0x638 ./Drivers/STM32F4xx_HAL_Driver/Src/stm32f4xx_hal_tim_ex.o
 .debug_frame   0x00002f0c      0x954 ./Drivers/STM32F4xx_HAL_Driver/Src/stm32f4xx_hal_uart.o
 .debug_frame   0x00003860       0x20 /opt/st/stm32cubeide_1.19.0/plugins/com.st.stm32cube.ide.mcu.externaltools.gnu-tools-for-stm32.13.3.rel1.linux64_1.0.0.202410170706/tools/bin/../lib/gcc/arm-none-eabi/13.3.1/../../../../arm-none-eabi/lib/thumb/v7e-m+fp/hard/libc_nano.a(libc_a-memset.o)
 .debug_frame   0x00003880       0x2c /opt/st/stm32cubeide_1.19.0/plugins/com.st.stm32cube.ide.mcu.externaltools.gnu-tools-for-stm32.13.3.rel1.linux64_1.0.0.202410170706/tools/bin/../lib/gcc/arm-none-eabi/13.3.1/../../../../arm-none-eabi/lib/thumb/v7e-m+fp/hard/libc_nano.a(libc_a-init.o)
 .debug_frame   0x000038ac       0x2c /opt/st/stm32cubeide_1.19.0/plugins/com.st.stm32cube.ide.mcu.externaltools.gnu-tools-for-stm32.13.3.rel1.linux64_1.0.0.202410170706/tools/bin/../lib/gcc/arm-none-eabi/13.3.1/thumb/v7e-m+fp/hard/libgcc.a(_aeabi_uldivmod.o)
 .debug_frame   0x000038d8       0x34 /opt/st/stm32cubeide_1.19.0/plugins/com.st.stm32cube.ide.mcu.externaltools.gnu-tools-for-stm32.13.3.rel1.linux64_1.0.0.202410170706/tools/bin/../lib/gcc/arm-none-eabi/13.3.1/thumb/v7e-m+fp/hard/libgcc.a(_udivmoddi4.o)

.debug_line_str
                0x00000000       0x63
 .debug_line_str
                0x00000000       0x63 ./Core/Startup/startup_stm32f407vgtx.o
